src/lib/auth.ts(8,3): error TS2322: Type 'import("C:/Users/HP/Desktop/SaaS Project/saas-dashboard/node_modules/@auth/prisma-adapter/node_modules/@auth/core/adapters").Adapter' is not assignable to type 'import("C:/Users/HP/Desktop/SaaS Project/saas-dashboard/node_modules/next-auth/adapters").Adapter'.
  Types of property 'getUser' are incompatible.
    Type '((id: string) => import("C:/Users/HP/Desktop/SaaS Project/saas-dashboard/node_modules/@auth/prisma-adapter/node_modules/@auth/core/types").Awaitable<import("C:/Users/HP/Desktop/SaaS Project/saas-dashboard/node_modules/@auth/prisma-adapter/node_modules/@auth/core/adapters").AdapterUser | null>) | undefined' is not assignable to type '((id: string) => import("C:/Users/HP/Desktop/SaaS Project/saas-dashboard/node_modules/next-auth/core/types").Awaitable<import("C:/Users/HP/Desktop/SaaS Project/saas-dashboard/node_modules/next-auth/adapters").AdapterUser | null>) | undefined'.
      Type '(id: string) => import("C:/Users/HP/Desktop/SaaS Project/saas-dashboard/node_modules/@auth/prisma-adapter/node_modules/@auth/core/types").Awaitable<import("C:/Users/HP/Desktop/SaaS Project/saas-dashboard/node_modules/@auth/prisma-adapter/node_modules/@auth/core/adapters").AdapterUser | null>' is not assignable to type '(id: string) => import("C:/Users/HP/Desktop/SaaS Project/saas-dashboard/node_modules/next-auth/core/types").Awaitable<import("C:/Users/HP/Desktop/SaaS Project/saas-dashboard/node_modules/next-auth/adapters").AdapterUser | null>'.
        Type 'import("C:/Users/HP/Desktop/SaaS Project/saas-dashboard/node_modules/@auth/prisma-adapter/node_modules/@auth/core/types").Awaitable<import("C:/Users/HP/Desktop/SaaS Project/saas-dashboard/node_modules/@auth/prisma-adapter/node_modules/@auth/core/adapters").AdapterUser | null>' is not assignable to type 'import("C:/Users/HP/Desktop/SaaS Project/saas-dashboard/node_modules/next-auth/core/types").Awaitable<import("C:/Users/HP/Desktop/SaaS Project/saas-dashboard/node_modules/next-auth/adapters").AdapterUser | null>'.
          Type 'AdapterUser' is not assignable to type 'Awaitable<AdapterUser | null>'.
            Type 'AdapterUser' is missing the following properties from type 'AdapterUser': role, tenantId
